Известные ошибки Wander'a (если исправили, убираем из списка, при добавлении новых записей в конце в скобках указываем ник тестера)
